// Jest Snapshot v1, https://goo.gl/fbAQLP

exports[`DocumentsReducer LOAD_DOCS_SUCCESS should add all loans in the payload when none exist 1`] = `
Object {
  "docTypes": Array [
    Object {
      "CodeKey": "119",
      "CodeTable": "DocType",
      "CodeValue": "LM TAX RETURNS",
      "CodeValue1": "1",
      "CodeValue2": null,
      "CodeValue3": null,
      "CodeValue4": null,
      "CodeValue5": null,
      "CodeValue6": null,
      "CodeValue7": null,
      "CodeValue8": null,
      "CodeValue9": null,
      "LastUpdated": "2019-10-18T19:22:44.12",
      "LastUpdatedBy": "FAY\\\\colsen",
    },
    Object {
      "CodeKey": "12",
      "CodeTable": "DocType",
      "CodeValue": "BPO",
      "CodeValue1": "1",
      "CodeValue2": null,
      "CodeValue3": null,
      "CodeValue4": null,
      "CodeValue5": null,
      "CodeValue6": null,
      "CodeValue7": null,
      "CodeValue8": null,
      "CodeValue9": null,
      "LastUpdated": "2019-10-18T19:22:44.12",
      "LastUpdatedBy": "FAY\\\\colsen",
    },
  ],
  "entities": Object {
    "8004775": Object {
      "CreatedBy": "Fay_BulkLoad",
      "CreatedDate": "2016-08-15T14:39:56",
      "DeletedBy": null,
      "DeletedDate": null,
      "DocFileName": "TracyCascioNewAmCard",
      "DocType": "Miscellaneous",
      "DocumentID": "ad5e7986-5075-4601-8f75-6ea82d12f2e9",
      "Extension": ".pdf",
      "FileSize": null,
      "ID": 8004775,
      "IsDeleted": false,
      "Key1": null,
      "Key2": null,
      "Key3": null,
      "LoanNumber": "0000016094",
      "MeridianImport": true,
      "MetaDataType": null,
      "MetaDataValue": null,
      "ScanStatus": 1,
      "SourceID": 1,
      "UpdatedBy": null,
      "UpdatedDate": null,
    },
    "8004777": Object {
      "CreatedBy": "JNorton",
      "CreatedDate": "2013-03-05T11:46:36",
      "DeletedBy": null,
      "DeletedDate": null,
      "DocFileName": "16094 Romero Skip Trace 3-5-13",
      "DocType": "Miscellaneous",
      "DocumentID": "4e88c45a-0a52-47fc-aeba-fcd60c22607c",
      "Extension": ".pdf",
      "FileSize": null,
      "ID": 8004777,
      "IsDeleted": false,
      "Key1": null,
      "Key2": null,
      "Key3": null,
      "LoanNumber": "0000016094",
      "MeridianImport": true,
      "MetaDataType": null,
      "MetaDataValue": null,
      "ScanStatus": 1,
      "SourceID": 1,
      "UpdatedBy": null,
      "UpdatedDate": null,
    },
  },
  "ids": Array [
    8004775,
    8004777,
  ],
  "isLoading": false,
  "loaded": true,
  "selectedDocId": null,
}
`;

exports[`DocumentsReducer LOAD_DOCTYPES_SUCCESS should should return the full loan detail for requested loan number 1`] = `
Object {
  "docTypes": Array [
    Object {
      "CodeKey": "119",
      "CodeTable": "DocType",
      "CodeValue": "LM TAX RETURNS",
      "CodeValue1": "1",
      "CodeValue2": null,
      "CodeValue3": null,
      "CodeValue4": null,
      "CodeValue5": null,
      "CodeValue6": null,
      "CodeValue7": null,
      "CodeValue8": null,
      "CodeValue9": null,
      "LastUpdated": "2019-10-18T19:22:44.12",
      "LastUpdatedBy": "FAY\\\\colsen",
    },
    Object {
      "CodeKey": "12",
      "CodeTable": "DocType",
      "CodeValue": "BPO",
      "CodeValue1": "1",
      "CodeValue2": null,
      "CodeValue3": null,
      "CodeValue4": null,
      "CodeValue5": null,
      "CodeValue6": null,
      "CodeValue7": null,
      "CodeValue8": null,
      "CodeValue9": null,
      "LastUpdated": "2019-10-18T19:22:44.12",
      "LastUpdatedBy": "FAY\\\\colsen",
    },
  ],
  "entities": Object {
    "8004775": Object {
      "CreatedBy": "Fay_BulkLoad",
      "CreatedDate": "2016-08-15T14:39:56",
      "DeletedBy": null,
      "DeletedDate": null,
      "DocFileName": "TracyCascioNewAmCard",
      "DocType": "Miscellaneous",
      "DocumentID": "ad5e7986-5075-4601-8f75-6ea82d12f2e9",
      "Extension": ".pdf",
      "FileSize": null,
      "ID": 8004775,
      "IsDeleted": false,
      "Key1": null,
      "Key2": null,
      "Key3": null,
      "LoanNumber": "0000016094",
      "MeridianImport": true,
      "MetaDataType": null,
      "MetaDataValue": null,
      "ScanStatus": 1,
      "SourceID": 1,
      "UpdatedBy": null,
      "UpdatedDate": null,
    },
    "8004777": Object {
      "CreatedBy": "JNorton",
      "CreatedDate": "2013-03-05T11:46:36",
      "DeletedBy": null,
      "DeletedDate": null,
      "DocFileName": "16094 Romero Skip Trace 3-5-13",
      "DocType": "Miscellaneous",
      "DocumentID": "4e88c45a-0a52-47fc-aeba-fcd60c22607c",
      "Extension": ".pdf",
      "FileSize": null,
      "ID": 8004777,
      "IsDeleted": false,
      "Key1": null,
      "Key2": null,
      "Key3": null,
      "LoanNumber": "0000016094",
      "MeridianImport": true,
      "MetaDataType": null,
      "MetaDataValue": null,
      "ScanStatus": 1,
      "SourceID": 1,
      "UpdatedBy": null,
      "UpdatedDate": null,
    },
  },
  "ids": Array [
    8004775,
    8004777,
  ],
  "isLoading": false,
  "loaded": true,
  "selectedDocId": null,
}
`;
